MPLINK 5.09, LINKER
Linker Map File - Created Fri Sep 08 23:16:28 2023

                                 Section Info
                  Section       Type    Address   Location Size(Bytes)
                ---------  ---------  ---------  ---------  ---------
                   .org_0       code   0x000000    program   0x0000d0
                   .cinit    romdata   0x000068    program   0x000004
.config_2007_BUILD/DEFAULT/DEBUG/COD_SECUENCI       code   0x002007    program   0x000002
.config_2008_BUILD/DEFAULT/DEBUG/COD_SECUENCI       code   0x002008    program   0x000002



                              Program Memory Usage 
                               Start         End      
                           ---------   ---------      
                            0x000000    0x000069      
                            0x002007    0x002008      
            108 out of 8455 program addresses used, program memory utilization is 1%



                              Symbols - Sorted by Name
                     Name    Address   Location    Storage File                     
                ---------  ---------  ---------  --------- ---------                
                  ADD_BIT   0x000055    program     static C:\Users\estiv\MPLABXProjects\ENTREGABLES\Secuencias_LED.X\Cod_Secuencias13.asm
              INICIA_SECU   0x00000b    program     static C:\Users\estiv\MPLABXProjects\ENTREGABLES\Secuencias_LED.X\Cod_Secuencias13.asm
                   INICIO   0x000001    program     static C:\Users\estiv\MPLABXProjects\ENTREGABLES\Secuencias_LED.X\Cod_Secuencias13.asm
                    LOOP1   0x000012    program     static C:\Users\estiv\MPLABXProjects\ENTREGABLES\Secuencias_LED.X\Cod_Secuencias13.asm
                    LOOP2   0x000028    program     static C:\Users\estiv\MPLABXProjects\ENTREGABLES\Secuencias_LED.X\Cod_Secuencias13.asm
                    LOOP3   0x000035    program     static C:\Users\estiv\MPLABXProjects\ENTREGABLES\Secuencias_LED.X\Cod_Secuencias13.asm
                    REP_1   0x000060    program     static C:\Users\estiv\MPLABXProjects\ENTREGABLES\Secuencias_LED.X\Cod_Secuencias13.asm
                    REP_2   0x00005e    program     static C:\Users\estiv\MPLABXProjects\ENTREGABLES\Secuencias_LED.X\Cod_Secuencias13.asm
                    REP_3   0x00005c    program     static C:\Users\estiv\MPLABXProjects\ENTREGABLES\Secuencias_LED.X\Cod_Secuencias13.asm
                REP_PART2   0x000044    program     static C:\Users\estiv\MPLABXProjects\ENTREGABLES\Secuencias_LED.X\Cod_Secuencias13.asm
                  RETARDO   0x00005a    program     static C:\Users\estiv\MPLABXProjects\ENTREGABLES\Secuencias_LED.X\Cod_Secuencias13.asm
           SECUENCIA_LED1   0x000018    program     static C:\Users\estiv\MPLABXProjects\ENTREGABLES\Secuencias_LED.X\Cod_Secuencias13.asm
           SECUENCIA_LED2   0x000023    program     static C:\Users\estiv\MPLABXProjects\ENTREGABLES\Secuencias_LED.X\Cod_Secuencias13.asm



                              Symbols - Sorted by Address
                     Name    Address   Location    Storage File                     
                ---------  ---------  ---------  --------- ---------                
                   INICIO   0x000001    program     static C:\Users\estiv\MPLABXProjects\ENTREGABLES\Secuencias_LED.X\Cod_Secuencias13.asm
              INICIA_SECU   0x00000b    program     static C:\Users\estiv\MPLABXProjects\ENTREGABLES\Secuencias_LED.X\Cod_Secuencias13.asm
                    LOOP1   0x000012    program     static C:\Users\estiv\MPLABXProjects\ENTREGABLES\Secuencias_LED.X\Cod_Secuencias13.asm
           SECUENCIA_LED1   0x000018    program     static C:\Users\estiv\MPLABXProjects\ENTREGABLES\Secuencias_LED.X\Cod_Secuencias13.asm
           SECUENCIA_LED2   0x000023    program     static C:\Users\estiv\MPLABXProjects\ENTREGABLES\Secuencias_LED.X\Cod_Secuencias13.asm
                    LOOP2   0x000028    program     static C:\Users\estiv\MPLABXProjects\ENTREGABLES\Secuencias_LED.X\Cod_Secuencias13.asm
                    LOOP3   0x000035    program     static C:\Users\estiv\MPLABXProjects\ENTREGABLES\Secuencias_LED.X\Cod_Secuencias13.asm
                REP_PART2   0x000044    program     static C:\Users\estiv\MPLABXProjects\ENTREGABLES\Secuencias_LED.X\Cod_Secuencias13.asm
                  ADD_BIT   0x000055    program     static C:\Users\estiv\MPLABXProjects\ENTREGABLES\Secuencias_LED.X\Cod_Secuencias13.asm
                  RETARDO   0x00005a    program     static C:\Users\estiv\MPLABXProjects\ENTREGABLES\Secuencias_LED.X\Cod_Secuencias13.asm
                    REP_3   0x00005c    program     static C:\Users\estiv\MPLABXProjects\ENTREGABLES\Secuencias_LED.X\Cod_Secuencias13.asm
                    REP_2   0x00005e    program     static C:\Users\estiv\MPLABXProjects\ENTREGABLES\Secuencias_LED.X\Cod_Secuencias13.asm
                    REP_1   0x000060    program     static C:\Users\estiv\MPLABXProjects\ENTREGABLES\Secuencias_LED.X\Cod_Secuencias13.asm


